Archive member included to satisfy reference by file (symbol)

C:/ST/STM32CubeIDE_1.8.0/STM32CubeIDE/plugins/com.st.stm32cube.ide.mcu.externaltools.gnu-tools-for-stm32.12.3.rel1.win32_1.1.0.202410251130/tools/bin/../lib/gcc/arm-none-eabi/12.3.1/../../../../arm-none-eabi/lib/thumb/v7e-m+dp/hard\libc_nano.a(libc_a-exit.o)
                              C:/ST/STM32CubeIDE_1.8.0/STM32CubeIDE/plugins/com.st.stm32cube.ide.mcu.externaltools.gnu-tools-for-stm32.12.3.rel1.win32_1.1.0.202410251130/tools/bin/../lib/gcc/arm-none-eabi/12.3.1/../../../../arm-none-eabi/lib/thumb/v7e-m+dp/hard/crt0.o (exit)
C:/ST/STM32CubeIDE_1.8.0/STM32CubeIDE/plugins/com.st.stm32cube.ide.mcu.externaltools.gnu-tools-for-stm32.12.3.rel1.win32_1.1.0.202410251130/tools/bin/../lib/gcc/arm-none-eabi/12.3.1/../../../../arm-none-eabi/lib/thumb/v7e-m+dp/hard\libc_nano.a(libc_a-findfp.o)
                              C:/ST/STM32CubeIDE_1.8.0/STM32CubeIDE/plugins/com.st.stm32cube.ide.mcu.externaltools.gnu-tools-for-stm32.12.3.rel1.win32_1.1.0.202410251130/tools/bin/../lib/gcc/arm-none-eabi/12.3.1/../../../../arm-none-eabi/lib/thumb/v7e-m+dp/hard\libc_nano.a(libc_a-exit.o) (__stdio_exit_handler)
C:/ST/STM32CubeIDE_1.8.0/STM32CubeIDE/plugins/com.st.stm32cube.ide.mcu.externaltools.gnu-tools-for-stm32.12.3.rel1.win32_1.1.0.202410251130/tools/bin/../lib/gcc/arm-none-eabi/12.3.1/../../../../arm-none-eabi/lib/thumb/v7e-m+dp/hard\libc_nano.a(libc_a-fwalk.o)
                              C:/ST/STM32CubeIDE_1.8.0/STM32CubeIDE/plugins/com.st.stm32cube.ide.mcu.externaltools.gnu-tools-for-stm32.12.3.rel1.win32_1.1.0.202410251130/tools/bin/../lib/gcc/arm-none-eabi/12.3.1/../../../../arm-none-eabi/lib/thumb/v7e-m+dp/hard\libc_nano.a(libc_a-findfp.o) (_fwalk_sglue)
C:/ST/STM32CubeIDE_1.8.0/STM32CubeIDE/plugins/com.st.stm32cube.ide.mcu.externaltools.gnu-tools-for-stm32.12.3.rel1.win32_1.1.0.202410251130/tools/bin/../lib/gcc/arm-none-eabi/12.3.1/../../../../arm-none-eabi/lib/thumb/v7e-m+dp/hard\libc_nano.a(libc_a-stdio.o)
                              C:/ST/STM32CubeIDE_1.8.0/STM32CubeIDE/plugins/com.st.stm32cube.ide.mcu.externaltools.gnu-tools-for-stm32.12.3.rel1.win32_1.1.0.202410251130/tools/bin/../lib/gcc/arm-none-eabi/12.3.1/../../../../arm-none-eabi/lib/thumb/v7e-m+dp/hard\libc_nano.a(libc_a-findfp.o) (__sread)
C:/ST/STM32CubeIDE_1.8.0/STM32CubeIDE/plugins/com.st.stm32cube.ide.mcu.externaltools.gnu-tools-for-stm32.12.3.rel1.win32_1.1.0.202410251130/tools/bin/../lib/gcc/arm-none-eabi/12.3.1/../../../../arm-none-eabi/lib/thumb/v7e-m+dp/hard\libc_nano.a(libc_a-memset.o)
                              C:/ST/STM32CubeIDE_1.8.0/STM32CubeIDE/plugins/com.st.stm32cube.ide.mcu.externaltools.gnu-tools-for-stm32.12.3.rel1.win32_1.1.0.202410251130/tools/bin/../lib/gcc/arm-none-eabi/12.3.1/../../../../arm-none-eabi/lib/thumb/v7e-m+dp/hard/crt0.o (memset)
C:/ST/STM32CubeIDE_1.8.0/STM32CubeIDE/plugins/com.st.stm32cube.ide.mcu.externaltools.gnu-tools-for-stm32.12.3.rel1.win32_1.1.0.202410251130/tools/bin/../lib/gcc/arm-none-eabi/12.3.1/../../../../arm-none-eabi/lib/thumb/v7e-m+dp/hard\libc_nano.a(libc_a-closer.o)
                              C:/ST/STM32CubeIDE_1.8.0/STM32CubeIDE/plugins/com.st.stm32cube.ide.mcu.externaltools.gnu-tools-for-stm32.12.3.rel1.win32_1.1.0.202410251130/tools/bin/../lib/gcc/arm-none-eabi/12.3.1/../../../../arm-none-eabi/lib/thumb/v7e-m+dp/hard\libc_nano.a(libc_a-stdio.o) (_close_r)
C:/ST/STM32CubeIDE_1.8.0/STM32CubeIDE/plugins/com.st.stm32cube.ide.mcu.externaltools.gnu-tools-for-stm32.12.3.rel1.win32_1.1.0.202410251130/tools/bin/../lib/gcc/arm-none-eabi/12.3.1/../../../../arm-none-eabi/lib/thumb/v7e-m+dp/hard\libc_nano.a(libc_a-reent.o)
                              C:/ST/STM32CubeIDE_1.8.0/STM32CubeIDE/plugins/com.st.stm32cube.ide.mcu.externaltools.gnu-tools-for-stm32.12.3.rel1.win32_1.1.0.202410251130/tools/bin/../lib/gcc/arm-none-eabi/12.3.1/../../../../arm-none-eabi/lib/thumb/v7e-m+dp/hard\libc_nano.a(libc_a-closer.o) (errno)
C:/ST/STM32CubeIDE_1.8.0/STM32CubeIDE/plugins/com.st.stm32cube.ide.mcu.externaltools.gnu-tools-for-stm32.12.3.rel1.win32_1.1.0.202410251130/tools/bin/../lib/gcc/arm-none-eabi/12.3.1/../../../../arm-none-eabi/lib/thumb/v7e-m+dp/hard\libc_nano.a(libc_a-impure.o)
                              C:/ST/STM32CubeIDE_1.8.0/STM32CubeIDE/plugins/com.st.stm32cube.ide.mcu.externaltools.gnu-tools-for-stm32.12.3.rel1.win32_1.1.0.202410251130/tools/bin/../lib/gcc/arm-none-eabi/12.3.1/../../../../arm-none-eabi/lib/thumb/v7e-m+dp/hard\libc_nano.a(libc_a-reent.o) (_impure_ptr)
C:/ST/STM32CubeIDE_1.8.0/STM32CubeIDE/plugins/com.st.stm32cube.ide.mcu.externaltools.gnu-tools-for-stm32.12.3.rel1.win32_1.1.0.202410251130/tools/bin/../lib/gcc/arm-none-eabi/12.3.1/../../../../arm-none-eabi/lib/thumb/v7e-m+dp/hard\libc_nano.a(libc_a-lseekr.o)
[...]
Memory Configuration

Name             Origin             Length             Attributes
RAM              0x20000000         0x00080000         xrw
FLASH            0x08000000         0x00200000         xr
*default*        0x00000000         0xffffffff

Linker script and memory map

LOAD C:/ST/STM32CubeIDE_1.8.0/STM32CubeIDE/plugins/com.st.stm32cube.ide.mcu.externaltools.gnu-tools-for-stm32.12.3.rel1.win32_1.1.0.202410251130/tools/bin/../lib/gcc/arm-none-eabi/12.3.1/thumb/v7e-m+dp/hard/crti.o
LOAD C:/ST/STM32CubeIDE_1.8.0/STM32CubeIDE/plugins/com.st.stm32cube.ide.mcu.externaltools.gnu-tools-for-stm32.12.3.rel1.win32_1.1.0.202410251130/tools/bin/../lib/gcc/arm-none-eabi/12.3.1/thumb/v7e-m+dp/hard/crtbegin.o
LOAD C:/ST/STM32CubeIDE_1.8.0/STM32CubeIDE/plugins/com.st.stm32cube.ide.mcu.externaltools.gnu-tools-for-stm32.12.3.rel1.win32_1.1.0.202410251130/tools/bin/../lib/gcc/arm-none-eabi/12.3.1/../../../../arm-none-eabi/lib/thumb/v7e-m+dp/hard/crt0.o
LOAD ./Core/Src/flags.o
LOAD ./Core/Src/main.o
LOAD ./Core/Src/process.o
LOAD ./Core/Src/stm32f7xx_hal_msp.o
LOAD ./Core/Src/stm32f7xx_it.o
LOAD ./Core/Src/syscalls.o
LOAD ./Core/Src/sysmem.o
LOAD ./Core/Src/system_stm32f7xx.o
LOAD ./Core/Startup/startup_stm32f767zitx.o
LOAD ./Drivers/STM32F7xx_HAL_Driver/Src/stm32f7xx_hal.o
LOAD ./Drivers/STM32F7xx_HAL_Driver/Src/stm32f7xx_hal_cortex.o
LOAD ./Drivers/STM32F7xx_HAL_Driver/Src/stm32f7xx_hal_dma.o
LOAD ./Drivers/STM32F7xx_HAL_Driver/Src/stm32f7xx_hal_dma_ex.o
LOAD ./Drivers/STM32F7xx_HAL_Driver/Src/stm32f7xx_hal_exti.o
LOAD ./Drivers/STM32F7xx_HAL_Driver/Src/stm32f7xx_hal_flash.o
LOAD ./Drivers/STM32F7xx_HAL_Driver/Src/stm32f7xx_hal_flash_ex.o
LOAD ./Drivers/STM32F7xx_HAL_Driver/Src/stm32f7xx_hal_gpio.o
LOAD ./Drivers/STM32F7xx_HAL_Driver/Src/stm32f7xx_hal_i2c.o
LOAD ./Drivers/STM32F7xx_HAL_Driver/Src/stm32f7xx_hal_i2c_ex.o
LOAD ./Drivers/STM32F7xx_HAL_Driver/Src/stm32f7xx_hal_pwr.o
LOAD ./Drivers/STM32F7xx_HAL_Driver/Src/stm32f7xx_hal_pwr_ex.o
LOAD ./Drivers/STM32F7xx_HAL_Driver/Src/stm32f7xx_hal_rcc.o
LOAD ./Drivers/STM32F7xx_HAL_Driver/Src/stm32f7xx_hal_rcc_ex.o
LOAD ./Drivers/STM32F7xx_HAL_Driver/Src/stm32f7xx_hal_tim.o
LOAD ./Drivers/STM32F7xx_HAL_Driver/Src/stm32f7xx_hal_tim_ex.o
LOAD ./Drivers/Simulink/ChargeDuty.o
LOAD ./Drivers/Simulink/DischargeDuty.o
LOAD ./Drivers/Simulink/errorHandler.o
START GROUP
LOAD C:/ST/STM32CubeIDE_1.8.0/STM32CubeIDE/plugins/com.st.stm32cube.ide.mcu.externaltools.gnu-tools-for-stm32.12.3.rel1.win32_1.1.0.202410251130/tools/bin/../lib/gcc/arm-none-eabi/12.3.1/../../../../arm-none-eabi/lib/thumb/v7e-m+dp/hard\libc_nano.a
LOAD C:/ST/STM32CubeIDE_1.8.0/STM32CubeIDE/plugins/com.st.stm32cube.ide.mcu.externaltools.gnu-tools-for-stm32.12.3.rel1.win32_1.1.0.202410251130/tools/bin/../lib/gcc/arm-none-eabi/12.3.1/../../../../arm-none-eabi/lib/thumb/v7e-m+dp/hard\libm.a
END GROUP
START GROUP
LOAD C:/ST/STM32CubeIDE_1.8.0/STM32CubeIDE/plugins/com.st.stm32cube.ide.mcu.externaltools.gnu-tools-for-stm32.12.3.rel1.win32_1.1.0.202410251130/tools/bin/../lib/gcc/arm-none-eabi/12.3.1/thumb/v7e-m+dp/hard\libgcc.a
LOAD C:/ST/STM32CubeIDE_1.8.0/STM32CubeIDE/plugins/com.st.stm32cube.ide.mcu.externaltools.gnu-tools-for-stm32.12.3.rel1.win32_1.1.0.202410251130/tools/bin/../lib/gcc/arm-none-eabi/12.3.1/../../../../arm-none-eabi/lib/thumb/v7e-m+dp/hard\libc_nano.a
END GROUP
START GROUP
LOAD C:/ST/STM32CubeIDE_1.8.0/STM32CubeIDE/plugins/com.st.stm32cube.ide.mcu.externaltools.gnu-tools-for-stm32.12.3.rel1.win32_1.1.0.202410251130/tools/bin/../lib/gcc/arm-none-eabi/12.3.1/thumb/v7e-m+dp/hard\libgcc.a
LOAD C:/ST/STM32CubeIDE_1.8.0/STM32CubeIDE/plugins/com.st.stm32cube.ide.mcu.externaltools.gnu-tools-for-stm32.12.3.rel1.win32_1.1.0.202410251130/tools/bin/../lib/gcc/arm-none-eabi/12.3.1/../../../../arm-none-eabi/lib/thumb/v7e-m+dp/hard\libc_nano.a
LOAD C:/ST/STM32CubeIDE_1.8.0/STM32CubeIDE/plugins/com.st.stm32cube.ide.mcu.externaltools.gnu-tools-for-stm32.12.3.rel1.win32_1.1.0.202410251130/tools/bin/../lib/gcc/arm-none-eabi/12.3.1/../../../../arm-none-eabi/lib/thumb/v7e-m+dp/hard\libnosys.a
END GROUP
START GROUP
LOAD C:/ST/STM32CubeIDE_1.8.0/STM32CubeIDE/plugins/com.st.stm32cube.ide.mcu.externaltools.gnu-tools-for-stm32.12.3.rel1.win32_1.1.0.202410251130/tools/bin/../lib/gcc/arm-none-eabi/12.3.1/thumb/v7e-m+dp/hard\libgcc.a
LOAD C:/ST/STM32CubeIDE_1.8.0/STM32CubeIDE/plugins/com.st.stm32cube.ide.mcu.externaltools.gnu-tools-for-stm32.12.3.rel1.win32_1.1.0.202410251130/tools/bin/../lib/gcc/arm-none-eabi/12.3.1/../../../../arm-none-eabi/lib/thumb/v7e-m+dp/hard\libc_nano.a
LOAD C:/ST/STM32CubeIDE_1.8.0/STM32CubeIDE/plugins/com.st.stm32cube.ide.mcu.externaltools.gnu-tools-for-stm32.12.3.rel1.win32_1.1.0.202410251130/tools/bin/../lib/gcc/arm-none-eabi/12.3.1/../../../../arm-none-eabi/lib/thumb/v7e-m+dp/hard\libnosys.a
END GROUP
LOAD C:/ST/STM32CubeIDE_1.8.0/STM32CubeIDE/plugins/com.st.stm32cube.ide.mcu.externaltools.gnu-tools-for-stm32.12.3.rel1.win32_1.1.0.202410251130/tools/bin/../lib/gcc/arm-none-eabi/12.3.1/thumb/v7e-m+dp/hard/crtend.o
LOAD C:/ST/STM32CubeIDE_1.8.0/STM32CubeIDE/plugins/com.st.stm32cube.ide.mcu.externaltools.gnu-tools-for-stm32.12.3.rel1.win32_1.1.0.202410251130/tools/bin/../lib/gcc/arm-none-eabi/12.3.1/thumb/v7e-m+dp/hard/crtn.o
                0x20080000                        _estack = (ORIGIN (RAM) + LENGTH (RAM))
                0x00000200                        _Min_Heap_Size = 0x200
                0x00000400                        _Min_Stack_Size = 0x400

.isr_vector     0x08000000      0x1f8
                0x08000000                        . = ALIGN (0x4)
 *(.isr_vector)
 .isr_vector    0x08000000      0x1f8 ./Core/Startup/startup_stm32f767zitx.o
                0x08000000                g_pfnVectors
                0x080001f8                        . = ALIGN (0x4)

.text           0x080001f8     0x3768
                0x080001f8                        . = ALIGN (0x4)
 *(.text)
 .text          0x080001f8       0x40 C:/ST/STM32CubeIDE_1.8.0/STM32CubeIDE/plugins/com.st.stm32cube.ide.mcu.externaltools.gnu-tools-for-stm32.12.3.rel1.win32_1.1.0.202410251130/tools/bin/../lib/gcc/arm-none-eabi/12.3.1/thumb/v7e-m+dp/hard/crtbegin.o
 .text          0x08000238       0x30 C:/ST/STM32CubeIDE_1.8.0/STM32CubeIDE/plugins/com.st.stm32cube.ide.mcu.externaltools.gnu-tools-for-stm32.12.3.rel1.win32_1.1.0.202410251130/tools/bin/../lib/gcc/arm-none-eabi/12.3.1/thumb/v7e-m+dp/hard\libgcc.a(_aeabi_uldivmod.o)
                0x08000238                __aeabi_uldivmod
 .text          0x08000268      0x2bc C:/ST/STM32CubeIDE_1.8.0/STM32CubeIDE/plugins/com.st.stm32cube.ide.mcu.externaltools.gnu-tools-for-stm32.12.3.rel1.win32_1.1.0.202410251130/tools/bin/../lib/gcc/arm-none-eabi/12.3.1/thumb/v7e-m+dp/hard\libgcc.a(_udivmoddi4.o)
                0x08000268                __udivmoddi4
 .text          0x08000524        0x4 C:/ST/STM32CubeIDE_1.8.0/STM32CubeIDE/plugins/com.st.stm32cube.ide.mcu.externaltools.gnu-tools-for-stm32.12.3.rel1.win32_1.1.0.202410251130/tools/bin/../lib/gcc/arm-none-eabi/12.3.1/thumb/v7e-m+dp/hard\libgcc.a(_dvmd_tls.o)
                0x08000524                __aeabi_idiv0
                0x08000524                __aeabi_ldiv0
 *(.text*)
 .text.SetStepFlag
                0x08000528       0x18 ./Core/Src/flags.o
                0x08000528                SetStepFlag
 .text.GetStepFlag
                0x08000540       0x24 ./Core/Src/flags.o
                0x08000540                GetStepFlag
 .text.GetModeFlag
                0x08000564       0x20 ./Core/Src/flags.o
                0x08000564                GetModeFlag
 .text.SetLedFlag
                0x08000584       0x18 ./Core/Src/flags.o
                0x08000584                SetLedFlag
 .text.GetLedFlag
                0x0800059c       0x24 ./Core/Src/flags.o
                0x0800059c                GetLedFlag
 .text.GetErrorCode
                0x080005c0       0x20 ./Core/Src/flags.o
                0x080005c0                GetErrorCode
 .text.main     0x080005e0       0x48 ./Core/Src/main.o
                0x080005e0                main
 .text.SystemClock_Config
                0x08000628       0xe4 ./Core/Src/main.o
                0x08000628                SystemClock_Config
 .text.MX_TIM1_Init
                0x0800070c      0x124 ./Core/Src/main.o
 .text.MX_TIM6_Init
                0x08000830       0x6c ./Core/Src/main.o
 .text.MX_TIM7_Init
                0x0800089c       0x70 ./Core/Src/main.o
 .text.MX_GPIO_Init
                0x0800090c       0xf4 ./Core/Src/main.o
 .text.Error_Handler
                0x08000a00        0xc ./Core/Src/main.o
                0x08000a00                Error_Handler
 .text.initProcess
                0x08000a0c        0xe ./Core/Src/process.o
                0x08000a0c                initProcess
 *fill*         0x08000a1a        0x2 
 .text.calcProcess
                0x08000a1c       0x68 ./Core/Src/process.o
                0x08000a1c                calcProcess
 .text.sensProcess
                0x08000a84        0xe ./Core/Src/process.o
                0x08000a84                sensProcess
 .text.commProcess
                0x08000a92        0xe ./Core/Src/process.o
                0x08000a92                commProcess
 .text.ledProcess
                0x08000aa0       0x68 ./Core/Src/process.o
                0x08000aa0                ledProcess
 .text.modeReset
                0x08000b08       0x50 ./Core/Src/process.o
                0x08000b08                modeReset
 .text.pwmStart
                0x08000b58       0x1c ./Core/Src/process.o
                0x08000b58                pwmStart
 .text.pwmStop  0x08000b74       0x1c ./Core/Src/process.o
                0x08000b74                pwmStop
 .text.HAL_MspInit
                0x08000b90       0x48 ./Core/Src/stm32f7xx_hal_msp.o
                0x08000b90                HAL_MspInit
 .text.HAL_TIM_PWM_MspInit
                0x08000bd8       0x40 ./Core/Src/stm32f7xx_hal_msp.o
                0x08000bd8                HAL_TIM_PWM_MspInit
 .text.HAL_TIM_Base_MspInit
                0x08000c18       0x84 ./Core/Src/stm32f7xx_hal_msp.o
                0x08000c18                HAL_TIM_Base_MspInit
 .text.HAL_TIM_MspPostInit
                0x08000c9c       0xac ./Core/Src/stm32f7xx_hal_msp.o
                0x08000c9c                HAL_TIM_MspPostInit
 .text.NMI_Handler
                0x08000d48        0x8 ./Core/Src/stm32f7xx_it.o
                0x08000d48                NMI_Handler
 .text.HardFault_Handler
                0x08000d50        0x8 ./Core/Src/stm32f7xx_it.o
                0x08000d50                HardFault_Handler
 .text.MemManage_Handler
                0x08000d58        0x8 ./Core/Src/stm32f7xx_it.o
                0x08000d58                MemManage_Handler
 .text.BusFault_Handler
                0x08000d60        0x8 ./Core/Src/stm32f7xx_it.o
                0x08000d60                BusFault_Handler
 .text.UsageFault_Handler
                0x08000d68        0x8 ./Core/Src/stm32f7xx_it.o
                0x08000d68                UsageFault_Handler
 .text.SVC_Handler
                0x08000d70        0xe ./Core/Src/stm32f7xx_it.o
                0x08000d70                SVC_Handler
 .text.DebugMon_Handler
                0x08000d7e        0xe ./Core/Src/stm32f7xx_it.o
                0x08000d7e                DebugMon_Handler
 .text.PendSV_Handler
                0x08000d8c        0xe ./Core/Src/stm32f7xx_it.o
                0x08000d8c                PendSV_Handler
 .text.SysTick_Handler
                0x08000d9a        0xc ./Core/Src/stm32f7xx_it.o
                0x08000d9a                SysTick_Handler
 *fill*         0x08000da6        0x2 
 .text.TIM6_DAC_IRQHandler
                0x08000da8       0x14 ./Core/Src/stm32f7xx_it.o
                0x08000da8                TIM6_DAC_IRQHandler
 .text.TIM7_IRQHandler
                0x08000dbc       0x14 ./Core/Src/stm32f7xx_it.o
                0x08000dbc                TIM7_IRQHandler
 .text.HAL_TIM_PeriodElapsedCallback
                0x08000dd0       0x34 ./Core/Src/stm32f7xx_it.o
                0x08000dd0                HAL_TIM_PeriodElapsedCallback
 .text.SystemInit
                0x08000e04       0x24 ./Core/Src/system_stm32f7xx.o
                0x08000e04                SystemInit
 .text.Reset_Handler
                0x08000e28       0x50 ./Core/Startup/startup_stm32f767zitx.o
                0x08000e28                Reset_Handler
 .text.Default_Handler
                0x08000e78        0x2 ./Core/Startup/startup_stm32f767zitx.o
                0x08000e78                RTC_Alarm_IRQHandler
                0x08000e78                EXTI2_IRQHandler
                0x08000e78                TIM8_CC_IRQHandler
                0x08000e78                UART8_IRQHandler
                0x08000e78                SPI4_IRQHandler
                0x08000e78                TIM1_CC_IRQHandler
                0x08000e78                DMA2_Stream5_IRQHandler
                0x08000e78                JPEG_IRQHandler
                0x08000e78                DMA1_Stream5_IRQHandler
                0x08000e78                CAN3_RX1_IRQHandler
                0x08000e78                PVD_IRQHandler
                0x08000e78                TAMP_STAMP_IRQHandler
                0x08000e78                CAN2_RX1_IRQHandler
                0x08000e78                EXTI3_IRQHandler
                0x08000e78                TIM8_TRG_COM_TIM14_IRQHandler
                0x08000e78                DFSDM1_FLT1_IRQHandler
                0x08000e78                TIM1_UP_TIM10_IRQHandler
                0x08000e78                TIM8_UP_TIM13_IRQHandler
                0x08000e78                I2C3_ER_IRQHandler
                0x08000e78                DFSDM1_FLT2_IRQHandler
                0x08000e78                EXTI0_IRQHandler
                0x08000e78                I2C2_EV_IRQHandler
                0x08000e78                DMA1_Stream2_IRQHandler
                0x08000e78                CAN1_RX0_IRQHandler
                0x08000e78                FPU_IRQHandler
                0x08000e78                OTG_HS_WKUP_IRQHandler
                0x08000e78                CAN3_SCE_IRQHandler
                0x08000e78                LTDC_ER_IRQHandler
                0x08000e78                CAN2_SCE_IRQHandler
                0x08000e78                DMA2_Stream2_IRQHandler
                0x08000e78                SPI1_IRQHandler
                0x08000e78                TIM1_BRK_TIM9_IRQHandler
                0x08000e78                DCMI_IRQHandler
                0x08000e78                CAN2_RX0_IRQHandler
                0x08000e78                DMA2_Stream3_IRQHandler
                0x08000e78                SAI2_IRQHandler
                0x08000e78                DFSDM1_FLT3_IRQHandler
                0x08000e78                USART6_IRQHandler
                0x08000e78                CAN3_RX0_IRQHandler
                0x08000e78                USART3_IRQHandler
                0x08000e78                CAN1_RX1_IRQHandler
                0x08000e78                UART5_IRQHandler
                0x08000e78                DMA2_Stream0_IRQHandler
                0x08000e78                TIM4_IRQHandler
                0x08000e78                QUADSPI_IRQHandler
                0x08000e78                I2C1_EV_IRQHandler
                0x08000e78                DMA1_Stream6_IRQHandler
                0x08000e78                DMA1_Stream1_IRQHandler
                0x08000e78                UART4_IRQHandler
                0x08000e78                TIM3_IRQHandler
                0x08000e78                RCC_IRQHandler
                0x08000e78                TIM8_BRK_TIM12_IRQHandler
                0x08000e78                Default_Handler
                0x08000e78                CEC_IRQHandler
                0x08000e78                EXTI15_10_IRQHandler
                0x08000e78                ADC_IRQHandler
                0x08000e78                DMA1_Stream7_IRQHandler
                0x08000e78                SPI5_IRQHandler
                0x08000e78                SDMMC1_IRQHandler
                0x08000e78                CAN2_TX_IRQHandler
                0x08000e78                TIM5_IRQHandler
                0x08000e78                DMA2_Stream7_IRQHandler
                0x08000e78                I2C3_EV_IRQHandler
                0x08000e78                EXTI9_5_IRQHandler
                0x08000e78                RTC_WKUP_IRQHandler
                0x08000e78                LTDC_IRQHandler
                0x08000e78                ETH_WKUP_IRQHandler
                0x08000e78                SPDIF_RX_IRQHandler
                0x08000e78                SPI2_IRQHandler
                0x08000e78                OTG_HS_EP1_IN_IRQHandler
                0x08000e78                DMA1_Stream0_IRQHandler
                0x08000e78                CAN1_TX_IRQHandler
                0x08000e78                EXTI4_IRQHandler
                0x08000e78                RNG_IRQHandler
                0x08000e78                ETH_IRQHandler
                0x08000e78                OTG_HS_EP1_OUT_IRQHandler
                0x08000e78                WWDG_IRQHandler
                0x08000e78                SPI6_IRQHandler
                0x08000e78                MDIOS_IRQHandler
                0x08000e78                I2C4_EV_IRQHandler
                0x08000e78                CAN3_TX_IRQHandler
                0x08000e78                TIM2_IRQHandler
                0x08000e78                OTG_FS_WKUP_IRQHandler
                0x08000e78                TIM1_TRG_COM_TIM11_IRQHandler
                0x08000e78                OTG_HS_IRQHandler
                0x08000e78                DMA2D_IRQHandler
                0x08000e78                EXTI1_IRQHandler
                0x08000e78                SDMMC2_IRQHandler
                0x08000e78                UART7_IRQHandler
                0x08000e78                USART2_IRQHandler
                0x08000e78                DFSDM1_FLT0_IRQHandler
                0x08000e78                I2C2_ER_IRQHandler
                0x08000e78                DMA2_Stream1_IRQHandler
                0x08000e78                CAN1_SCE_IRQHandler
                0x08000e78                FLASH_IRQHandler
                0x08000e78                DMA2_Stream4_IRQHandler
                0x08000e78                USART1_IRQHandler
                0x08000e78                OTG_FS_IRQHandler
                0x08000e78                SPI3_IRQHandler
                0x08000e78                DMA1_Stream4_IRQHandler
                0x08000e78                I2C1_ER_IRQHandler
                0x08000e78                FMC_IRQHandler
                0x08000e78                LPTIM1_IRQHandler
                0x08000e78                I2C4_ER_IRQHandler
                0x08000e78                DMA2_Stream6_IRQHandler
                0x08000e78                SAI1_IRQHandler
                0x08000e78                DMA1_Stream3_IRQHandler
 .text.HAL_Init
                0x08000e7a       0x1a ./Drivers/STM32F7xx_HAL_Driver/Src/stm32f7xx_hal.o
                0x08000e7a                HAL_Init
 .text.HAL_InitTick
                0x08000e94       0x60 ./Drivers/STM32F7xx_HAL_Driver/Src/stm32f7xx_hal.o
                0x08000e94                HAL_InitTick
 .text.HAL_IncTick
                0x08000ef4       0x28 ./Drivers/STM32F7xx_HAL_Driver/Src/stm32f7xx_hal.o
                0x08000ef4                HAL_IncTick
 .text.HAL_GetTick
                0x08000f1c       0x18 ./Drivers/STM32F7xx_HAL_Driver/Src/stm32f7xx_hal.o
                0x08000f1c                HAL_GetTick
 .text.__NVIC_SetPriorityGrouping
                0x08000f34       0x48 ./Drivers/STM32F7xx_HAL_Driver/Src/stm32f7xx_hal_cortex.o
 .text.__NVIC_GetPriorityGrouping
                0x08000f7c       0x1c ./Drivers/STM32F7xx_HAL_Driver/Src/stm32f7xx_hal_cortex.o
 .text.__NVIC_EnableIRQ
                0x08000f98       0x3c ./Drivers/STM32F7xx_HAL_Driver/Src/stm32f7xx_hal_cortex.o
 .text.__NVIC_SetPriority
                0x08000fd4       0x54 ./Drivers/STM32F7xx_HAL_Driver/Src/stm32f7xx_hal_cortex.o
 .text.NVIC_EncodePriority
                0x08001028       0x66 ./Drivers/STM32F7xx_HAL_Driver/Src/stm32f7xx_hal_cortex.o
 *fill*         0x0800108e        0x2 
 .text.SysTick_Config
                0x08001090       0x44 ./Drivers/STM32F7xx_HAL_Driver/Src/stm32f7xx_hal_cortex.o
 .text.HAL_NVIC_SetPriorityGrouping
                0x080010d4       0x16 ./Drivers/STM32F7xx_HAL_Driver/Src/stm32f7xx_hal_cortex.o
                0x080010d4                HAL_NVIC_SetPriorityGrouping
 .text.HAL_NVIC_SetPriority
                0x080010ea       0x38 ./Drivers/STM32F7xx_HAL_Driver/Src/stm32f7xx_hal_cortex.o
                0x080010ea                HAL_NVIC_SetPriority
 .text.HAL_NVIC_EnableIRQ
                0x08001122       0x1c ./Drivers/STM32F7xx_HAL_Driver/Src/stm32f7xx_hal_cortex.o
                0x08001122                HAL_NVIC_EnableIRQ
 .text.HAL_SYSTICK_Config
                0x0800113e       0x18 ./Drivers/STM32F7xx_HAL_Driver/Src/stm32f7xx_hal_cortex.o
                0x0800113e                HAL_SYSTICK_Config
 *fill*         0x08001156        0x2 
 .text.HAL_GPIO_Init
                0x08001158      0x358 ./Drivers/STM32F7xx_HAL_Driver/Src/stm32f7xx_hal_gpio.o
                0x08001158                HAL_GPIO_Init
 .text.HAL_GPIO_WritePin
                0x080014b0       0x32 ./Drivers/STM32F7xx_HAL_Driver/Src/stm32f7xx_hal_gpio.o
                0x080014b0                HAL_GPIO_WritePin
 *fill*         0x080014e2        0x2 
 .text.HAL_PWR_EnableBkUpAccess
                0x080014e4       0x20 ./Drivers/STM32F7xx_HAL_Driver/Src/stm32f7xx_hal_pwr.o
                0x080014e4                HAL_PWR_EnableBkUpAccess
 .text.HAL_PWREx_EnableOverDrive
                0x08001504       0xa0 ./Drivers/STM32F7xx_HAL_Driver/Src/stm32f7xx_hal_pwr_ex.o
                0x08001504                HAL_PWREx_EnableOverDrive
 .text.HAL_RCC_OscConfig
                0x080015a4      0x55c ./Drivers/STM32F7xx_HAL_Driver/Src/stm32f7xx_hal_rcc.o
                0x080015a4                HAL_RCC_OscConfig
 .text.HAL_RCC_ClockConfig
                0x08001b00      0x1d8 ./Drivers/STM32F7xx_HAL_Driver/Src/stm32f7xx_hal_rcc.o
                0x08001b00                HAL_RCC_ClockConfig
 .text.HAL_RCC_GetSysClockFreq
                0x08001cd8      0x20c ./Drivers/STM32F7xx_HAL_Driver/Src/stm32f7xx_hal_rcc.o
                0x08001cd8                HAL_RCC_GetSysClockFreq
 .text.HAL_TIM_Base_Init
                0x08001ee4       0xae ./Drivers/STM32F7xx_HAL_Driver/Src/stm32f7xx_hal_tim.o
                0x08001ee4                HAL_TIM_Base_Init
 *fill*         0x08001f92        0x2 
 .text.HAL_TIM_Base_Start_IT
                0x08001f94       0xf0 ./Drivers/STM32F7xx_HAL_Driver/Src/stm32f7xx_hal_tim.o
                0x08001f94                HAL_TIM_Base_Start_IT
 .text.HAL_TIM_PWM_Init
                0x08002084       0xae ./Drivers/STM32F7xx_HAL_Driver/Src/stm32f7xx_hal_tim.o
                0x08002084                HAL_TIM_PWM_Init
 *fill*         0x08002132        0x2 
 .text.HAL_TIM_PWM_Start
                0x08002134      0x1f4 ./Drivers/STM32F7xx_HAL_Driver/Src/stm32f7xx_hal_tim.o
                0x08002134                HAL_TIM_PWM_Start
 .text.HAL_TIM_PWM_Stop
                0x08002328      0x100 ./Drivers/STM32F7xx_HAL_Driver/Src/stm32f7xx_hal_tim.o
                0x08002328                HAL_TIM_PWM_Stop
 .text.HAL_TIM_IRQHandler
                0x08002428      0x20e ./Drivers/STM32F7xx_HAL_Driver/Src/stm32f7xx_hal_tim.o
                0x08002428                HAL_TIM_IRQHandler
 *fill*         0x08002636        0x2 
 .text.HAL_TIM_PWM_ConfigChannel
                0x08002638      0x228 ./Drivers/STM32F7xx_HAL_Driver/Src/stm32f7xx_hal_tim.o
                0x08002638                HAL_TIM_PWM_ConfigChannel
 .text.HAL_TIM_OC_DelayElapsedCallback
                0x08002860       0x14 ./Drivers/STM32F7xx_HAL_Driver/Src/stm32f7xx_hal_tim.o
                0x08002860                HAL_TIM_OC_DelayElapsedCallback
 .text.HAL_TIM_IC_CaptureCallback
                0x08002874       0x14 ./Drivers/STM32F7xx_HAL_Driver/Src/stm32f7xx_hal_tim.o
                0x08002874                HAL_TIM_IC_CaptureCallback
 .text.HAL_TIM_PWM_PulseFinishedCallback
                0x08002888       0x14 ./Drivers/STM32F7xx_HAL_Driver/Src/stm32f7xx_hal_tim.o
                0x08002888                HAL_TIM_PWM_PulseFinishedCallback
 .text.HAL_TIM_TriggerCallback
                0x0800289c       0x14 ./Drivers/STM32F7xx_HAL_Driver/Src/stm32f7xx_hal_tim.o
                0x0800289c                HAL_TIM_TriggerCallback
 .text.TIM_Base_SetConfig
                0x080028b0      0x158 ./Drivers/STM32F7xx_HAL_Driver/Src/stm32f7xx_hal_tim.o
                0x080028b0                TIM_Base_SetConfig
 .text.TIM_OC1_SetConfig
                0x08002a08       0xe4 ./Drivers/STM32F7xx_HAL_Driver/Src/stm32f7xx_hal_tim.o
 .text.TIM_OC2_SetConfig
                0x08002aec       0xf0 ./Drivers/STM32F7xx_HAL_Driver/Src/stm32f7xx_hal_tim.o
                0x08002aec                TIM_OC2_SetConfig
 .text.TIM_OC3_SetConfig
                0x08002bdc       0xec ./Drivers/STM32F7xx_HAL_Driver/Src/stm32f7xx_hal_tim.o
 .text.TIM_OC4_SetConfig
                0x08002cc8       0xb0 ./Drivers/STM32F7xx_HAL_Driver/Src/stm32f7xx_hal_tim.o
 .text.TIM_OC5_SetConfig
                0x08002d78       0xa4 ./Drivers/STM32F7xx_HAL_Driver/Src/stm32f7xx_hal_tim.o
 .text.TIM_OC6_SetConfig
                0x08002e1c       0xa8 ./Drivers/STM32F7xx_HAL_Driver/Src/stm32f7xx_hal_tim.o
 .text.TIM_CCxChannelCmd
                0x08002ec4       0x4a ./Drivers/STM32F7xx_HAL_Driver/Src/stm32f7xx_hal_tim.o
                0x08002ec4                TIM_CCxChannelCmd
 *fill*         0x08002f0e        0x2 
 .text.HAL_TIMEx_PWMN_Start
                0x08002f10      0x184 ./Drivers/STM32F7xx_HAL_Driver/Src/stm32f7xx_hal_tim_ex.o
                0x08002f10                HAL_TIMEx_PWMN_Start
 .text.HAL_TIMEx_PWMN_Stop
                0x08003094       0xba ./Drivers/STM32F7xx_HAL_Driver/Src/stm32f7xx_hal_tim_ex.o
                0x08003094                HAL_TIMEx_PWMN_Stop
 *fill*         0x0800314e        0x2 
 .text.HAL_TIMEx_MasterConfigSynchronization
                0x08003150      0x11c ./Drivers/STM32F7xx_HAL_Driver/Src/stm32f7xx_hal_tim_ex.o
                0x08003150                HAL_TIMEx_MasterConfigSynchronization
 .text.HAL_TIMEx_ConfigBreakDeadTime
                0x0800326c       0xfc ./Drivers/STM32F7xx_HAL_Driver/Src/stm32f7xx_hal_tim_ex.o
                0x0800326c                HAL_TIMEx_ConfigBreakDeadTime
 .text.HAL_TIMEx_CommutCallback
                0x08003368       0x14 ./Drivers/STM32F7xx_HAL_Driver/Src/stm32f7xx_hal_tim_ex.o
                0x08003368                HAL_TIMEx_CommutCallback
 .text.HAL_TIMEx_BreakCallback
                0x0800337c       0x14 ./Drivers/STM32F7xx_HAL_Driver/Src/stm32f7xx_hal_tim_ex.o
                0x0800337c                HAL_TIMEx_BreakCallback
 .text.HAL_TIMEx_Break2Callback
                0x08003390       0x14 ./Drivers/STM32F7xx_HAL_Driver/Src/stm32f7xx_hal_tim_ex.o
                0x08003390                HAL_TIMEx_Break2Callback
 .text.TIM_CCxNChannelCmd
                0x080033a4       0x4a ./Drivers/STM32F7xx_HAL_Driver/Src/stm32f7xx_hal_tim_ex.o
 *fill*         0x080033ee        0x2 
 .text.ChargeDuty_step
                0x080033f0      0x250 ./Drivers/Simulink/ChargeDuty.o
                0x080033f0                ChargeDuty_step
 .text.DischargeDuty_step
                0x08003640      0x2b0 ./Drivers/Simulink/DischargeDuty.o
                0x08003640                DischargeDuty_step
 .text.memset   0x080038f0       0x10 C:/ST/STM32CubeIDE_1.8.0/STM32CubeIDE/plugins/com.st.stm32cube.ide.mcu.externaltools.gnu-tools-for-stm32.12.3.rel1.win32_1.1.0.202410251130/tools/bin/../lib/gcc/arm-none-eabi/12.3.1/../../../../arm-none-eabi/lib/thumb/v7e-m+dp/hard\libc_nano.a(libc_a-memset.o)
                0x080038f0                memset
 .text.__libc_init_array
                0x08003900       0x48 C:/ST/STM32CubeIDE_1.8.0/STM32CubeIDE/plugins/com.st.stm32cube.ide.mcu.externaltools.gnu-tools-for-stm32.12.3.rel1.win32_1.1.0.202410251130/tools/bin/../lib/gcc/arm-none-eabi/12.3.1/../../../../arm-none-eabi/lib/thumb/v7e-m+dp/hard\libc_nano.a(libc_a-init.o)
                0x08003900                __libc_init_array
 *(.glue_7)
 .glue_7        0x08003948        0x0 linker stubs
 *(.glue_7t)
 .glue_7t       0x08003948        0x0 linker stubs
 *(.eh_frame)
 .eh_frame      0x08003948        0x0 C:/ST/STM32CubeIDE_1.8.0/STM32CubeIDE/plugins/com.st.stm32cube.ide.mcu.externaltools.gnu-tools-for-stm32.12.3.rel1.win32_1.1.0.202410251130/tools/bin/../lib/gcc/arm-none-eabi/12.3.1/thumb/v7e-m+dp/hard/crtbegin.o
 *(.init)
 .init          0x08003948        0x4 C:/ST/STM32CubeIDE_1.8.0/STM32CubeIDE/plugins/com.st.stm32cube.ide.mcu.externaltools.gnu-tools-for-stm32.12.3.rel1.win32_1.1.0.202410251130/tools/bin/../lib/gcc/arm-none-eabi/12.3.1/thumb/v7e-m+dp/hard/crti.o
                0x08003948                _init
 .init          0x0800394c        0x8 C:/ST/STM32CubeIDE_1.8.0/STM32CubeIDE/plugins/com.st.stm32cube.ide.mcu.externaltools.gnu-tools-for-stm32.12.3.rel1.win32_1.1.0.202410251130/tools/bin/../lib/gcc/arm-none-eabi/12.3.1/thumb/v7e-m+dp/hard/crtn.o
 *(.fini)
 .fini          0x08003954        0x4 C:/ST/STM32CubeIDE_1.8.0/STM32CubeIDE/plugins/com.st.stm32cube.ide.mcu.externaltools.gnu-tools-for-stm32.12.3.rel1.win32_1.1.0.202410251130/tools/bin/../lib/gcc/arm-none-eabi/12.3.1/thumb/v7e-m+dp/hard/crti.o
                0x08003954                _fini
 .fini          0x08003958        0x8 C:/ST/STM32CubeIDE_1.8.0/STM32CubeIDE/plugins/com.st.stm32cube.ide.mcu.externaltools.gnu-tools-for-stm32.12.3.rel1.win32_1.1.0.202410251130/tools/bin/../lib/gcc/arm-none-eabi/12.3.1/thumb/v7e-m+dp/hard/crtn.o
                0x08003960                        . = ALIGN (0x4)
                0x08003960                        _etext = .

.vfp11_veneer   0x08003960        0x0
 .vfp11_veneer  0x08003960        0x0 linker stubs

.v4_bx          0x08003960        0x0
 .v4_bx         0x08003960        0x0 linker stubs

.iplt           0x08003960        0x0
 .iplt          0x08003960        0x0 C:/ST/STM32CubeIDE_1.8.0/STM32CubeIDE/plugins/com.st.stm32cube.ide.mcu.externaltools.gnu-tools-for-stm32.12.3.rel1.win32_1.1.0.202410251130/tools/bin/../lib/gcc/arm-none-eabi/12.3.1/thumb/v7e-m+dp/hard/crtbegin.o

.rodata         0x08003960       0x10
                0x08003960                        . = ALIGN (0x4)
 *(.rodata)
 *(.rodata*)
 .rodata.AHBPrescTable
                0x08003960       0x10 ./Core/Src/system_stm32f7xx.o
                0x08003960                AHBPrescTable
                0x08003970                        . = ALIGN (0x4)

.ARM.extab      0x08003970        0x0
                0x08003970                        . = ALIGN (0x4)
 *(.ARM.extab* .gnu.linkonce.armextab.*)
                0x08003970                        . = ALIGN (0x4)

.ARM            0x08003970        0x8
                0x08003970                        . = ALIGN (0x4)
                0x08003970                        __exidx_start = .
 *(.ARM.exidx*)
 .ARM.exidx     0x08003970        0x8 C:/ST/STM32CubeIDE_1.8.0/STM32CubeIDE/plugins/com.st.stm32cube.ide.mcu.externaltools.gnu-tools-for-stm32.12.3.rel1.win32_1.1.0.202410251130/tools/bin/../lib/gcc/arm-none-eabi/12.3.1/thumb/v7e-m+dp/hard\libgcc.a(_udivmoddi4.o)
                0x08003978                        __exidx_end = .
                0x08003978                        . = ALIGN (0x4)

.preinit_array  0x08003978        0x0
                0x08003978                        . = ALIGN (0x4)
                0x08003978                        PROVIDE (__preinit_array_start = .)
 *(.preinit_array*)
                0x08003978                        PROVIDE (__preinit_array_end = .)
                0x08003978                        . = ALIGN (0x4)

.init_array     0x08003978        0x4
                0x08003978                        . = ALIGN (0x4)
                0x08003978                        PROVIDE (__init_array_start = .)
 *(SORT_BY_NAME(.init_array.*))
 *(.init_array*)
 .init_array    0x08003978        0x4 C:/ST/STM32CubeIDE_1.8.0/STM32CubeIDE/plugins/com.st.stm32cube.ide.mcu.externaltools.gnu-tools-for-stm32.12.3.rel1.win32_1.1.0.202410251130/tools/bin/../lib/gcc/arm-none-eabi/12.3.1/thumb/v7e-m+dp/hard/crtbegin.o
                0x0800397c                        PROVIDE (__init_array_end = .)
                0x0800397c                        . = ALIGN (0x4)

.fini_array     0x0800397c        0x4
                0x0800397c                        . = ALIGN (0x4)
                [!provide]                        PROVIDE (__fini_array_start = .)
 *(SORT_BY_NAME(.fini_array.*))
 *(.fini_array*)
 .fini_array    0x0800397c        0x4 C:/ST/STM32CubeIDE_1.8.0/STM32CubeIDE/plugins/com.st.stm32cube.ide.mcu.externaltools.gnu-tools-for-stm32.12.3.rel1.win32_1.1.0.202410251130/tools/bin/../lib/gcc/arm-none-eabi/12.3.1/thumb/v7e-m+dp/hard/crtbegin.o
                [!provide]                        PROVIDE (__fini_array_end = .)
                0x08003980                        . = ALIGN (0x4)
                0x08003980                        _sidata = LOADADDR (.data)

.rel.dyn        0x08003980        0x0
 .rel.iplt      0x08003980        0x0 C:/ST/STM32CubeIDE_1.8.0/STM32CubeIDE/plugins/com.st.stm32cube.ide.mcu.externaltools.gnu-tools-for-stm32.12.3.rel1.win32_1.1.0.202410251130/tools/bin/../lib/gcc/arm-none-eabi/12.3.1/thumb/v7e-m+dp/hard/crtbegin.o

.data           0x20000000        0xc load address 0x08003980
                0x20000000                        . = ALIGN (0x4)
                0x20000000                        _sdata = .
 *(.data)
 *(.data*)
 .data.SystemCoreClock
                0x20000000        0x4 ./Core/Src/system_stm32f7xx.o
                0x20000000                SystemCoreClock
 .data.uwTickPrio
                0x20000004        0x4 ./Drivers/STM32F7xx_HAL_Driver/Src/stm32f7xx_hal.o
                0x20000004                uwTickPrio
 .data.uwTickFreq
                0x20000008        0x1 ./Drivers/STM32F7xx_HAL_Driver/Src/stm32f7xx_hal.o
                0x20000008                uwTickFreq
 *(.RamFunc)
 *(.RamFunc*)
                0x2000000c                        . = ALIGN (0x4)
 *fill*         0x20000009        0x3 
                0x2000000c                        _edata = .

.igot.plt       0x2000000c        0x0 load address 0x0800398c
 .igot.plt      0x2000000c        0x0 C:/ST/STM32CubeIDE_1.8.0/STM32CubeIDE/plugins/com.st.stm32cube.ide.mcu.externaltools.gnu-tools-for-stm32.12.3.rel1.win32_1.1.0.202410251130/tools/bin/../lib/gcc/arm-none-eabi/12.3.1/thumb/v7e-m+dp/hard/crtbegin.o
                0x2000000c                        . = ALIGN (0x4)

.bss            0x20000010      0x1e0 load address 0x0800398c
                0x20000010                        _sbss = .
                0x20000010                        __bss_start__ = _sbss
 *(.bss)
 .bss           0x20000010       0x1c C:/ST/STM32CubeIDE_1.8.0/STM32CubeIDE/plugins/com.st.stm32cube.ide.mcu.externaltools.gnu-tools-for-stm32.12.3.rel1.win32_1.1.0.202410251130/tools/bin/../lib/gcc/arm-none-eabi/12.3.1/thumb/v7e-m+dp/hard/crtbegin.o
 *(.bss*)
 .bss.stepFlag  0x2000002c        0x1 ./Core/Src/flags.o
 .bss.modeFlag  0x2000002d        0x1 ./Core/Src/flags.o
 .bss.ledFlag   0x2000002e        0x1 ./Core/Src/flags.o
 .bss.errorCode
                0x2000002f        0x1 ./Core/Src/flags.o
 .bss.htim1     0x20000030       0x4c ./Core/Src/main.o
                0x20000030                htim1
 .bss.htim6     0x2000007c       0x4c ./Core/Src/main.o
                0x2000007c                htim6
 .bss.htim7     0x200000c8       0x4c ./Core/Src/main.o
                0x200000c8                htim7
 .bss.lastMode  0x20000114        0x1 ./Core/Src/process.o
 *fill*         0x20000115        0x3 
 .bss.uwTick    0x20000118        0x4 ./Drivers/STM32F7xx_HAL_Driver/Src/stm32f7xx_hal.o
                0x20000118                uwTick
 *fill*         0x2000011c        0x4 
 .bss.ChargeDuty_Signals
                0x20000120       0x38 ./Drivers/Simulink/ChargeDuty.o
                0x20000120                ChargeDuty_Signals
 .bss.rtDW1     0x20000158       0x20 ./Drivers/Simulink/ChargeDuty.o
                0x20000158                rtDW1
 .bss.DischargeDuty_Signals
                0x20000178       0x38 ./Drivers/Simulink/DischargeDuty.o
                0x20000178                DischargeDuty_Signals
 .bss.rtDW      0x200001b0       0x20 ./Drivers/Simulink/DischargeDuty.o
                0x200001b0                rtDW
 .bss.rtb_CurrentError
                0x200001d0        0x8 ./Drivers/Simulink/DischargeDuty.o
                0x200001d0                rtb_CurrentError
 .bss.rtb_ErrorVoltage
                0x200001d8        0x8 ./Drivers/Simulink/DischargeDuty.o
                0x200001d8                rtb_ErrorVoltage
 .bss.rtb_PICurrentOutput_d
                0x200001e0        0x8 ./Drivers/Simulink/DischargeDuty.o
                0x200001e0                rtb_PICurrentOutput_d
 .bss.u0        0x200001e8        0x8 ./Drivers/Simulink/DischargeDuty.o
                0x200001e8                u0
 *(COMMON)
                0x200001f0                        . = ALIGN (0x4)
                0x200001f0                        _ebss = .
                0x200001f0                        __bss_end__ = _ebss

._user_heap_stack
                0x200001f0      0x600 load address 0x0800398c
                0x200001f0                        . = ALIGN (0x8)
                [!provide]                        PROVIDE (end = .)
                0x200001f0                        PROVIDE (_end = .)
                0x200003f0                        . = (. + _Min_Heap_Size)
 *fill*         0x200001f0      0x200 
                0x200007f0                        . = (. + _Min_Stack_Size)
 *fill*         0x200003f0      0x400 
                0x200007f0                        . = ALIGN (0x8)

/DISCARD/
 libc.a(*)
 libm.a(*)
 libgcc.a(*)

.ARM.attributes
                0x00000000       0x2e
 *(.ARM.attributes)
 .ARM.attributes
                0x00000000       0x20 C:/ST/STM32CubeIDE_1.8.0/STM32CubeIDE/plugins/com.st.stm32cube.ide.mcu.externaltools.gnu-tools-for-stm32.12.3.rel1.win32_1.1.0.202410251130/tools/bin/../lib/gcc/arm-none-eabi/12.3.1/thumb/v7e-m+dp/hard/crti.o
 .ARM.attributes
                0x00000020       0x32 C:/ST/STM32CubeIDE_1.8.0/STM32CubeIDE/plugins/com.st.stm32cube.ide.mcu.externaltools.gnu-tools-for-stm32.12.3.rel1.win32_1.1.0.202410251130/tools/bin/../lib/gcc/arm-none-eabi/12.3.1/thumb/v7e-m+dp/hard/crtbegin.o
 .ARM.attributes
                0x00000052       0x32 ./Core/Src/flags.o
 .ARM.attributes
                0x00000084       0x32 ./Core/Src/main.o
 .ARM.attributes
                0x000000b6       0x32 ./Core/Src/process.o
 .ARM.attributes
                0x000000e8       0x32 ./Core/Src/stm32f7xx_hal_msp.o
 .ARM.attributes
                0x0000011a       0x32 ./Core/Src/stm32f7xx_it.o
 .ARM.attributes
                0x0000014c       0x32 ./Core/Src/system_stm32f7xx.o
 .ARM.attributes
                0x0000017e       0x21 ./Core/Startup/startup_stm32f767zitx.o
 .ARM.attributes
                0x0000019f       0x32 ./Drivers/STM32F7xx_HAL_Driver/Src/stm32f7xx_hal.o
 .ARM.attributes
                0x000001d1       0x32 ./Drivers/STM32F7xx_HAL_Driver/Src/stm32f7xx_hal_cortex.o
 .ARM.attributes
                0x00000203       0x32 ./Drivers/STM32F7xx_HAL_Driver/Src/stm32f7xx_hal_gpio.o
 .ARM.attributes
                0x00000235       0x32 ./Drivers/STM32F7xx_HAL_Driver/Src/stm32f7xx_hal_pwr.o
 .ARM.attributes
                0x00000267       0x32 ./Drivers/STM32F7xx_HAL_Driver/Src/stm32f7xx_hal_pwr_ex.o
 .ARM.attributes
                0x00000299       0x32 ./Drivers/STM32F7xx_HAL_Driver/Src/stm32f7xx_hal_rcc.o
 .ARM.attributes
                0x000002cb       0x32 ./Drivers/STM32F7xx_HAL_Driver/Src/stm32f7xx_hal_tim.o
 .ARM.attributes
                0x000002fd       0x32 ./Drivers/STM32F7xx_HAL_Driver/Src/stm32f7xx_hal_tim_ex.o
 .ARM.attributes
                0x0000032f       0x32 ./Drivers/Simulink/ChargeDuty.o
 .ARM.attributes
                0x00000361       0x32 ./Drivers/Simulink/DischargeDuty.o
 .ARM.attributes
                0x00000393       0x32 C:/ST/STM32CubeIDE_1.8.0/STM32CubeIDE/plugins/com.st.stm32cube.ide.mcu.externaltools.gnu-tools-for-stm32.12.3.rel1.win32_1.1.0.202410251130/tools/bin/../lib/gcc/arm-none-eabi/12.3.1/../../../../arm-none-eabi/lib/thumb/v7e-m+dp/hard\libc_nano.a(libc_a-memset.o)
 .ARM.attributes
                0x000003c5       0x32 C:/ST/STM32CubeIDE_1.8.0/STM32CubeIDE/plugins/com.st.stm32cube.ide.mcu.externaltools.gnu-tools-for-stm32.12.3.rel1.win32_1.1.0.202410251130/tools/bin/../lib/gcc/arm-none-eabi/12.3.1/../../../../arm-none-eabi/lib/thumb/v7e-m+dp/hard\libc_nano.a(libc_a-init.o)
 .ARM.attributes
                0x000003f7       0x20 C:/ST/STM32CubeIDE_1.8.0/STM32CubeIDE/plugins/com.st.stm32cube.ide.mcu.externaltools.gnu-tools-for-stm32.12.3.rel1.win32_1.1.0.202410251130/tools/bin/../lib/gcc/arm-none-eabi/12.3.1/thumb/v7e-m+dp/hard\libgcc.a(_aeabi_uldivmod.o)
 .ARM.attributes
                0x00000417       0x32 C:/ST/STM32CubeIDE_1.8.0/STM32CubeIDE/plugins/com.st.stm32cube.ide.mcu.externaltools.gnu-tools-for-stm32.12.3.rel1.win32_1.1.0.202410251130/tools/bin/../lib/gcc/arm-none-eabi/12.3.1/thumb/v7e-m+dp/hard\libgcc.a(_udivmoddi4.o)
 .ARM.attributes
                0x00000449       0x20 C:/ST/STM32CubeIDE_1.8.0/STM32CubeIDE/plugins/com.st.stm32cube.ide.mcu.externaltools.gnu-tools-for-stm32.12.3.rel1.win32_1.1.0.202410251130/tools/bin/../lib/gcc/arm-none-eabi/12.3.1/thumb/v7e-m+dp/hard\libgcc.a(_dvmd_tls.o)
 .ARM.attributes
                0x00000469       0x20 C:/ST/STM32CubeIDE_1.8.0/STM32CubeIDE/plugins/com.st.stm32cube.ide.mcu.externaltools.gnu-tools-for-stm32.12.3.rel1.win32_1.1.0.202410251130/tools/bin/../lib/gcc/arm-none-eabi/12.3.1/thumb/v7e-m+dp/hard/crtn.o
OUTPUT(Converter_Control_System.elf elf32-littlearm)
LOAD linker stubs
LOAD C:/ST/STM32CubeIDE_1.8.0/STM32CubeIDE/plugins/com.st.stm32cube.ide.mcu.externaltools.gnu-tools-for-stm32.12.3.rel1.win32_1.1.0.202410251130/tools/bin/../lib/gcc/arm-none-eabi/12.3.1/../../../../arm-none-eabi/lib/thumb/v7e-m+dp/hard\libc.a
LOAD C:/ST/STM32CubeIDE_1.8.0/STM32CubeIDE/plugins/com.st.stm32cube.ide.mcu.externaltools.gnu-tools-for-stm32.12.3.rel1.win32_1.1.0.202410251130/tools/bin/../lib/gcc/arm-none-eabi/12.3.1/../../../../arm-none-eabi/lib/thumb/v7e-m+dp/hard\libm.a
LOAD C:/ST/STM32CubeIDE_1.8.0/STM32CubeIDE/plugins/com.st.stm32cube.ide.mcu.externaltools.gnu-tools-for-stm32.12.3.rel1.win32_1.1.0.202410251130/tools/bin/../lib/gcc/arm-none-eabi/12.3.1/thumb/v7e-m+dp/hard\libgcc.a

.debug_info     0x00000000     0xba53
 .debug_info    0x00000000      0x22c ./Core/Src/flags.o
 .debug_info    0x0000022c     0x1059 ./Core/Src/main.o
 .debug_info    0x00001285      0xa0d ./Core/Src/process.o
 .debug_info    0x00001c92      0xe48 ./Core/Src/stm32f7xx_hal_msp.o
 .debug_info    0x00002ada      0x78f ./Core/Src/stm32f7xx_it.o
 .debug_info    0x00003269      0x6ed ./Core/Src/system_stm32f7xx.o
 .debug_info    0x00003956       0x30 ./Core/Startup/startup_stm32f767zitx.o
 .debug_info    0x00003986      0xa4c ./Drivers/STM32F7xx_HAL_Driver/Src/stm32f7xx_hal.o
 .debug_info    0x000043d2      0xfc0 ./Drivers/STM32F7xx_HAL_Driver/Src/stm32f7xx_hal_cortex.o
 .debug_info    0x00005392      0x6f3 ./Drivers/STM32F7xx_HAL_Driver/Src/stm32f7xx_hal_gpio.o
 .debug_info    0x00005a85      0x90e ./Drivers/STM32F7xx_HAL_Driver/Src/stm32f7xx_hal_pwr.o
 .debug_info    0x00006393      0x8cd ./Drivers/STM32F7xx_HAL_Driver/Src/stm32f7xx_hal_pwr_ex.o
 .debug_info    0x00006c60      0x937 ./Drivers/STM32F7xx_HAL_Driver/Src/stm32f7xx_hal_rcc.o
 .debug_info    0x00007597     0x2ad5 ./Drivers/STM32F7xx_HAL_Driver/Src/stm32f7xx_hal_tim.o
 .debug_info    0x0000a06c     0x16bb ./Drivers/STM32F7xx_HAL_Driver/Src/stm32f7xx_hal_tim_ex.o
 .debug_info    0x0000b727      0x191 ./Drivers/Simulink/ChargeDuty.o
 .debug_info    0x0000b8b8      0x19b ./Drivers/Simulink/DischargeDuty.o

.debug_abbrev   0x00000000     0x1e9f
 .debug_abbrev  0x00000000       0xbd ./Core/Src/flags.o
 .debug_abbrev  0x000000bd      0x2ba ./Core/Src/main.o
 .debug_abbrev  0x00000377      0x1fd ./Core/Src/process.o
 .debug_abbrev  0x00000574      0x1f1 ./Core/Src/stm32f7xx_hal_msp.o
 .debug_abbrev  0x00000765      0x1c1 ./Core/Src/stm32f7xx_it.o
 .debug_abbrev  0x00000926      0x13b ./Core/Src/system_stm32f7xx.o
 .debug_abbrev  0x00000a61       0x24 ./Core/Startup/startup_stm32f767zitx.o
 .debug_abbrev  0x00000a85      0x213 ./Drivers/STM32F7xx_HAL_Driver/Src/stm32f7xx_hal.o
 .debug_abbrev  0x00000c98      0x31e ./Drivers/STM32F7xx_HAL_Driver/Src/stm32f7xx_hal_cortex.o
 .debug_abbrev  0x00000fb6      0x1d4 ./Drivers/STM32F7xx_HAL_Driver/Src/stm32f7xx_hal_gpio.o
 .debug_abbrev  0x0000118a      0x1c5 ./Drivers/STM32F7xx_HAL_Driver/Src/stm32f7xx_hal_pwr.o
 .debug_abbrev  0x0000134f      0x1d5 ./Drivers/STM32F7xx_HAL_Driver/Src/stm32f7xx_hal_pwr_ex.o
 .debug_abbrev  0x00001524      0x2de ./Drivers/STM32F7xx_HAL_Driver/Src/stm32f7xx_hal_rcc.o
 .debug_abbrev  0x00001802      0x278 ./Drivers/STM32F7xx_HAL_Driver/Src/stm32f7xx_hal_tim.o
 .debug_abbrev  0x00001a7a      0x283 ./Drivers/STM32F7xx_HAL_Driver/Src/stm32f7xx_hal_tim_ex.o
 .debug_abbrev  0x00001cfd       0xcf ./Drivers/Simulink/ChargeDuty.o
 .debug_abbrev  0x00001dcc       0xd3 ./Drivers/Simulink/DischargeDuty.o

.debug_aranges  0x00000000      0xc08
 .debug_aranges
                0x00000000       0x70 ./Core/Src/flags.o
 .debug_aranges
                0x00000070       0x50 ./Core/Src/main.o
 .debug_aranges
                0x000000c0       0x60 ./Core/Src/process.o
 .debug_aranges
                0x00000120       0x48 ./Core/Src/stm32f7xx_hal_msp.o
 .debug_aranges
                0x00000168       0x78 ./Core/Src/stm32f7xx_it.o
 .debug_aranges
                0x000001e0       0x28 ./Core/Src/system_stm32f7xx.o
 .debug_aranges
                0x00000208       0x28 ./Core/Startup/startup_stm32f767zitx.o
 .debug_aranges
                0x00000230      0x110 ./Drivers/STM32F7xx_HAL_Driver/Src/stm32f7xx_hal.o
 .debug_aranges
                0x00000340      0x128 ./Drivers/STM32F7xx_HAL_Driver/Src/stm32f7xx_hal_cortex.o
 .debug_aranges
                0x00000468       0x58 ./Drivers/STM32F7xx_HAL_Driver/Src/stm32f7xx_hal_gpio.o
 .debug_aranges
                0x000004c0       0xa0 ./Drivers/STM32F7xx_HAL_Driver/Src/stm32f7xx_hal_pwr.o
 .debug_aranges
                0x00000560       0x80 ./Drivers/STM32F7xx_HAL_Driver/Src/stm32f7xx_hal_pwr_ex.o
 .debug_aranges
                0x000005e0       0x88 ./Drivers/STM32F7xx_HAL_Driver/Src/stm32f7xx_hal_rcc.o
 .debug_aranges
                0x00000668      0x3e0 ./Drivers/STM32F7xx_HAL_Driver/Src/stm32f7xx_hal_tim.o
 .debug_aranges
                0x00000a48      0x180 ./Drivers/STM32F7xx_HAL_Driver/Src/stm32f7xx_hal_tim_ex.o
 .debug_aranges
                0x00000bc8       0x20 ./Drivers/Simulink/ChargeDuty.o
 .debug_aranges
                0x00000be8       0x20 ./Drivers/Simulink/DischargeDuty.o

.debug_rnglists
                0x00000000      0x929
 .debug_rnglists
                0x00000000       0x4f ./Core/Src/flags.o
 .debug_rnglists
                0x0000004f       0x3a ./Core/Src/main.o
 .debug_rnglists
                0x00000089       0x43 ./Core/Src/process.o
 .debug_rnglists
                0x000000cc       0x33 ./Core/Src/stm32f7xx_hal_msp.o
 .debug_rnglists
                0x000000ff       0x55 ./Core/Src/stm32f7xx_it.o
 .debug_rnglists
                0x00000154       0x1a ./Core/Src/system_stm32f7xx.o
 .debug_rnglists
                0x0000016e       0x19 ./Core/Startup/startup_stm32f767zitx.o
 .debug_rnglists
                0x00000187       0xc7 ./Drivers/STM32F7xx_HAL_Driver/Src/stm32f7xx_hal.o
 .debug_rnglists
                0x0000024e       0xda ./Drivers/STM32F7xx_HAL_Driver/Src/stm32f7xx_hal_cortex.o
 .debug_rnglists
                0x00000328       0x3f ./Drivers/STM32F7xx_HAL_Driver/Src/stm32f7xx_hal_gpio.o
 .debug_rnglists
                0x00000367       0x74 ./Drivers/STM32F7xx_HAL_Driver/Src/stm32f7xx_hal_pwr.o
 .debug_rnglists
                0x000003db       0x5f ./Drivers/STM32F7xx_HAL_Driver/Src/stm32f7xx_hal_pwr_ex.o
 .debug_rnglists
                0x0000043a       0x67 ./Drivers/STM32F7xx_HAL_Driver/Src/stm32f7xx_hal_rcc.o
 .debug_rnglists
                0x000004a1      0x328 ./Drivers/STM32F7xx_HAL_Driver/Src/stm32f7xx_hal_tim.o
 .debug_rnglists
                0x000007c9      0x138 ./Drivers/STM32F7xx_HAL_Driver/Src/stm32f7xx_hal_tim_ex.o
 .debug_rnglists
                0x00000901       0x14 ./Drivers/Simulink/ChargeDuty.o
 .debug_rnglists
                0x00000915       0x14 ./Drivers/Simulink/DischargeDuty.o

.debug_macro    0x00000000    0x26a1a
 .debug_macro   0x00000000       0x6d ./Core/Src/flags.o
 .debug_macro   0x0000006d      0xacc ./Core/Src/flags.o
 .debug_macro   0x00000b39       0x22 ./Core/Src/flags.o
 .debug_macro   0x00000b5b       0x8e ./Core/Src/flags.o
 .debug_macro   0x00000be9       0x51 ./Core/Src/flags.o
 .debug_macro   0x00000c3a      0x103 ./Core/Src/flags.o
 .debug_macro   0x00000d3d       0x6a ./Core/Src/flags.o
 .debug_macro   0x00000da7      0x1df ./Core/Src/flags.o
 .debug_macro   0x00000f86      0x21f ./Core/Src/main.o
 .debug_macro   0x000011a5      0x28d ./Core/Src/main.o
 .debug_macro   0x00001432       0x2e ./Core/Src/main.o
 .debug_macro   0x00001460       0x3b ./Core/Src/main.o
 .debug_macro   0x0000149b       0x1c ./Core/Src/main.o
 .debug_macro   0x000014b7       0x22 ./Core/Src/main.o
 .debug_macro   0x000014d9       0xd9 ./Core/Src/main.o
 .debug_macro   0x000015b2     0x12cd ./Core/Src/main.o
 .debug_macro   0x0000287f      0x11f ./Core/Src/main.o
 .debug_macro   0x0000299e       0x19 ./Core/Src/main.o
 .debug_macro   0x000029b7    0x1aa23 ./Core/Src/main.o
 .debug_macro   0x0001d3da       0x6d ./Core/Src/main.o
 .debug_macro   0x0001d447     0x3765 ./Core/Src/main.o
 .debug_macro   0x00020bac      0x189 ./Core/Src/main.o
 .debug_macro   0x00020d35       0x63 ./Core/Src/main.o
 .debug_macro   0x00020d98     0x1add ./Core/Src/main.o
 .debug_macro   0x00022875      0x6c4 ./Core/Src/main.o
 .debug_macro   0x00022f39      0x18b ./Core/Src/main.o
 .debug_macro   0x000230c4      0x115 ./Core/Src/main.o
 .debug_macro   0x000231d9      0x26e ./Core/Src/main.o
 .debug_macro   0x00023447       0xa5 ./Core/Src/main.o
 .debug_macro   0x000234ec      0x24f ./Core/Src/main.o
 .debug_macro   0x0002373b       0x71 ./Core/Src/main.o
 .debug_macro   0x000237ac       0x58 ./Core/Src/main.o
 .debug_macro   0x00023804      0x236 ./Core/Src/main.o
 .debug_macro   0x00023a3a      0x14e ./Core/Src/main.o
 .debug_macro   0x00023b88      0x3db ./Core/Src/main.o
 .debug_macro   0x00023f63       0x12 ./Core/Src/main.o
 .debug_macro   0x00023f75      0x22c ./Core/Src/main.o
 .debug_macro   0x000241a1       0x61 ./Core/Src/main.o
 .debug_macro   0x00024202       0xa5 ./Core/Src/main.o
 .debug_macro   0x000242a7      0x12e ./Core/Src/main.o
 .debug_macro   0x000243d5      0x108 ./Core/Src/main.o
 .debug_macro   0x000244dd       0x35 ./Core/Src/main.o
 .debug_macro   0x00024512      0xa91 ./Core/Src/main.o
 .debug_macro   0x00024fa3       0xa9 ./Core/Src/main.o
 .debug_macro   0x0002504c      0x15b ./Core/Src/main.o
 .debug_macro   0x000251a7       0x34 ./Core/Src/main.o
 .debug_macro   0x000251db       0x10 ./Core/Src/main.o
 .debug_macro   0x000251eb       0x22 ./Core/Src/main.o
 .debug_macro   0x0002520d       0x10 ./Core/Src/main.o
 .debug_macro   0x0002521d       0x10 ./Core/Src/main.o
 .debug_macro   0x0002522d       0x4c ./Core/Src/main.o
 .debug_macro   0x00025279      0x21b ./Core/Src/process.o
 .debug_macro   0x00025494      0x1de ./Core/Src/stm32f7xx_hal_msp.o
 .debug_macro   0x00025672      0x1f2 ./Core/Src/stm32f7xx_it.o
 .debug_macro   0x00025864      0x1cf ./Core/Src/system_stm32f7xx.o
 .debug_macro   0x00025a33      0x1f3 ./Drivers/STM32F7xx_HAL_Driver/Src/stm32f7xx_hal.o
 .debug_macro   0x00025c26      0x1cf ./Drivers/STM32F7xx_HAL_Driver/Src/stm32f7xx_hal_cortex.o
 .debug_macro   0x00025df5      0x1d5 ./Drivers/STM32F7xx_HAL_Driver/Src/stm32f7xx_hal_gpio.o
 .debug_macro   0x00025fca      0x1ed ./Drivers/STM32F7xx_HAL_Driver/Src/stm32f7xx_hal_pwr.o
 .debug_macro   0x000261b7      0x1e7 ./Drivers/STM32F7xx_HAL_Driver/Src/stm32f7xx_hal_pwr_ex.o
 .debug_macro   0x0002639e      0x1f3 ./Drivers/STM32F7xx_HAL_Driver/Src/stm32f7xx_hal_rcc.o
 .debug_macro   0x00026591      0x1d0 ./Drivers/STM32F7xx_HAL_Driver/Src/stm32f7xx_hal_tim.o
 .debug_macro   0x00026761      0x1cf ./Drivers/STM32F7xx_HAL_Driver/Src/stm32f7xx_hal_tim_ex.o
 .debug_macro   0x00026930       0x75 ./Drivers/Simulink/ChargeDuty.o
 .debug_macro   0x000269a5       0x75 ./Drivers/Simulink/DischargeDuty.o

.debug_line     0x00000000     0xd8f2
 .debug_line    0x00000000      0x526 ./Core/Src/flags.o
 .debug_line    0x00000526      0x9cd ./Core/Src/main.o
 .debug_line    0x00000ef3      0x90e ./Core/Src/process.o
 .debug_line    0x00001801      0x811 ./Core/Src/stm32f7xx_hal_msp.o
 .debug_line    0x00002012      0x85f ./Core/Src/stm32f7xx_it.o
 .debug_line    0x00002871      0x7bd ./Core/Src/system_stm32f7xx.o
 .debug_line    0x0000302e       0x7a ./Core/Startup/startup_stm32f767zitx.o
 .debug_line    0x000030a8      0xa8d ./Drivers/STM32F7xx_HAL_Driver/Src/stm32f7xx_hal.o
 .debug_line    0x00003b35      0xcff ./Drivers/STM32F7xx_HAL_Driver/Src/stm32f7xx_hal_cortex.o
 .debug_line    0x00004834      0xbe3 ./Drivers/STM32F7xx_HAL_Driver/Src/stm32f7xx_hal_gpio.o
 .debug_line    0x00005417      0x961 ./Drivers/STM32F7xx_HAL_Driver/Src/stm32f7xx_hal_pwr.o
 .debug_line    0x00005d78      0x9e1 ./Drivers/STM32F7xx_HAL_Driver/Src/stm32f7xx_hal_pwr_ex.o
 .debug_line    0x00006759      0xebd ./Drivers/STM32F7xx_HAL_Driver/Src/stm32f7xx_hal_rcc.o
 .debug_line    0x00007616     0x3d17 ./Drivers/STM32F7xx_HAL_Driver/Src/stm32f7xx_hal_tim.o
 .debug_line    0x0000b32d     0x1c22 ./Drivers/STM32F7xx_HAL_Driver/Src/stm32f7xx_hal_tim_ex.o
 .debug_line    0x0000cf4f      0x4bc ./Drivers/Simulink/ChargeDuty.o
 .debug_line    0x0000d40b      0x4e7 ./Drivers/Simulink/DischargeDuty.o

.debug_str      0x00000000    0xf2af0
 .debug_str     0x00000000     0x3cf7 ./Core/Src/flags.o
                               0x3e60 (size before relaxing)
 .debug_str     0x00003cf7    0xebeb4 ./Core/Src/main.o
                              0xf025c (size before relaxing)
 .debug_str     0x000efbab      0x20e ./Core/Src/process.o
                              0xefee1 (size before relaxing)
 .debug_str     0x000efdb9      0x70a ./Core/Src/stm32f7xx_hal_msp.o
                              0xf024d (size before relaxing)
 .debug_str     0x000f04c3      0x11e ./Core/Src/stm32f7xx_it.o
                              0xefab2 (size before relaxing)
 .debug_str     0x000f05e1      0x1a4 ./Core/Src/system_stm32f7xx.o
                              0xef601 (size before relaxing)
 .debug_str     0x000f0785       0x6e ./Core/Startup/startup_stm32f767zitx.o
 .debug_str     0x000f07f3      0x451 ./Drivers/STM32F7xx_HAL_Driver/Src/stm32f7xx_hal.o
                              0xf0041 (size before relaxing)
 .debug_str     0x000f0c44      0x359 ./Drivers/STM32F7xx_HAL_Driver/Src/stm32f7xx_hal_cortex.o
                              0xf0023 (size before relaxing)
 .debug_str     0x000f0f9d      0x11a ./Drivers/STM32F7xx_HAL_Driver/Src/stm32f7xx_hal_gpio.o
                              0xef6bf (size before relaxing)
 .debug_str     0x000f10b7      0x2ac ./Drivers/STM32F7xx_HAL_Driver/Src/stm32f7xx_hal_pwr.o
                              0xef8a2 (size before relaxing)
 .debug_str     0x000f1363      0x1bd ./Drivers/STM32F7xx_HAL_Driver/Src/stm32f7xx_hal_pwr_ex.o
                              0xef870 (size before relaxing)
 .debug_str     0x000f1520      0x260 ./Drivers/STM32F7xx_HAL_Driver/Src/stm32f7xx_hal_rcc.o
                              0xef97c (size before relaxing)
 .debug_str     0x000f1780      0xdb7 ./Drivers/STM32F7xx_HAL_Driver/Src/stm32f7xx_hal_tim.o
                              0xf0924 (size before relaxing)
 .debug_str     0x000f2537      0x477 ./Drivers/STM32F7xx_HAL_Driver/Src/stm32f7xx_hal_tim_ex.o
                              0xf022a (size before relaxing)
 .debug_str     0x000f29ae       0xb5 ./Drivers/Simulink/ChargeDuty.o
                               0x3f20 (size before relaxing)
 .debug_str     0x000f2a63       0x8d ./Drivers/Simulink/DischargeDuty.o
                               0x3f49 (size before relaxing)

.comment        0x00000000       0x43
 .comment       0x00000000       0x43 ./Core/Src/flags.o
                                 0x44 (size before relaxing)
 .comment       0x00000043       0x44 ./Core/Src/main.o
 .comment       0x00000043       0x44 ./Core/Src/process.o
 .comment       0x00000043       0x44 ./Core/Src/stm32f7xx_hal_msp.o
 .comment       0x00000043       0x44 ./Core/Src/stm32f7xx_it.o
 .comment       0x00000043       0x44 ./Core/Src/system_stm32f7xx.o
 .comment       0x00000043       0x44 ./Drivers/STM32F7xx_HAL_Driver/Src/stm32f7xx_hal.o
 .comment       0x00000043       0x44 ./Drivers/STM32F7xx_HAL_Driver/Src/stm32f7xx_hal_cortex.o
 .comment       0x00000043       0x44 ./Drivers/STM32F7xx_HAL_Driver/Src/stm32f7xx_hal_gpio.o
 .comment       0x00000043       0x44 ./Drivers/STM32F7xx_HAL_Driver/Src/stm32f7xx_hal_pwr.o
 .comment       0x00000043       0x44 ./Drivers/STM32F7xx_HAL_Driver/Src/stm32f7xx_hal_pwr_ex.o
 .comment       0x00000043       0x44 ./Drivers/STM32F7xx_HAL_Driver/Src/stm32f7xx_hal_rcc.o
 .comment       0x00000043       0x44 ./Drivers/STM32F7xx_HAL_Driver/Src/stm32f7xx_hal_tim.o
 .comment       0x00000043       0x44 ./Drivers/STM32F7xx_HAL_Driver/Src/stm32f7xx_hal_tim_ex.o
 .comment       0x00000043       0x44 ./Drivers/Simulink/ChargeDuty.o
 .comment       0x00000043       0x44 ./Drivers/Simulink/DischargeDuty.o

.debug_frame    0x00000000     0x3088
 .debug_frame   0x00000000      0x1a8 ./Core/Src/flags.o
 .debug_frame   0x000001a8       0xf8 ./Core/Src/main.o
 .debug_frame   0x000002a0      0x11c ./Core/Src/process.o
 .debug_frame   0x000003bc       0xf4 ./Core/Src/stm32f7xx_hal_msp.o
 .debug_frame   0x000004b0      0x160 ./Core/Src/stm32f7xx_it.o
 .debug_frame   0x00000610       0x58 ./Core/Src/system_stm32f7xx.o
 .debug_frame   0x00000668      0x3f4 ./Drivers/STM32F7xx_HAL_Driver/Src/stm32f7xx_hal.o
 .debug_frame   0x00000a5c      0x4e8 ./Drivers/STM32F7xx_HAL_Driver/Src/stm32f7xx_hal_cortex.o
 .debug_frame   0x00000f44      0x14c ./Drivers/STM32F7xx_HAL_Driver/Src/stm32f7xx_hal_gpio.o
 .debug_frame   0x00001090      0x254 ./Drivers/STM32F7xx_HAL_Driver/Src/stm32f7xx_hal_pwr.o
 .debug_frame   0x000012e4      0x1c8 ./Drivers/STM32F7xx_HAL_Driver/Src/stm32f7xx_hal_pwr_ex.o
 .debug_frame   0x000014ac      0x1f8 ./Drivers/STM32F7xx_HAL_Driver/Src/stm32f7xx_hal_rcc.o
 .debug_frame   0x000016a4     0x121c ./Drivers/STM32F7xx_HAL_Driver/Src/stm32f7xx_hal_tim.o
 .debug_frame   0x000028c0      0x6b0 ./Drivers/STM32F7xx_HAL_Driver/Src/stm32f7xx_hal_tim_ex.o
 .debug_frame   0x00002f70       0x38 ./Drivers/Simulink/ChargeDuty.o
 .debug_frame   0x00002fa8       0x34 ./Drivers/Simulink/DischargeDuty.o
 .debug_frame   0x00002fdc       0x20 C:/ST/STM32CubeIDE_1.8.0/STM32CubeIDE/plugins/com.st.stm32cube.ide.mcu.externaltools.gnu-tools-for-stm32.12.3.rel1.win32_1.1.0.202410251130/tools/bin/../lib/gcc/arm-none-eabi/12.3.1/../../../../arm-none-eabi/lib/thumb/v7e-m+dp/hard\libc_nano.a(libc_a-memset.o)
 .debug_frame   0x00002ffc       0x2c C:/ST/STM32CubeIDE_1.8.0/STM32CubeIDE/plugins/com.st.stm32cube.ide.mcu.externaltools.gnu-tools-for-stm32.12.3.rel1.win32_1.1.0.202410251130/tools/bin/../lib/gcc/arm-none-eabi/12.3.1/../../../../arm-none-eabi/lib/thumb/v7e-m+dp/hard\libc_nano.a(libc_a-init.o)
 .debug_frame   0x00003028       0x2c C:/ST/STM32CubeIDE_1.8.0/STM32CubeIDE/plugins/com.st.stm32cube.ide.mcu.externaltools.gnu-tools-for-stm32.12.3.rel1.win32_1.1.0.202410251130/tools/bin/../lib/gcc/arm-none-eabi/12.3.1/thumb/v7e-m+dp/hard\libgcc.a(_aeabi_uldivmod.o)
 .debug_frame   0x00003054       0x34 C:/ST/STM32CubeIDE_1.8.0/STM32CubeIDE/plugins/com.st.stm32cube.ide.mcu.externaltools.gnu-tools-for-stm32.12.3.rel1.win32_1.1.0.202410251130/tools/bin/../lib/gcc/arm-none-eabi/12.3.1/thumb/v7e-m+dp/hard\libgcc.a(_udivmoddi4.o)

.debug_line_str
                0x00000000       0x52
 .debug_line_str
                0x00000000       0x52 ./Core/Startup/startup_stm32f767zitx.o
