../Core/Src/main.c:101:6:delay_cycles	0	static,ignoring_inline_asm
../Core/Src/main.c:107:6:ledTick2	8	static
../Core/Src/main.c:119:6:ledTick1	8	static
../Core/Src/main.c:131:6:HAL_TIM_OC_DelayElapsedCallback	8	static
../Core/Src/main.c:150:6:HAL_TIM_PeriodElapsedCallback	8	static
../Core/Src/main.c:299:6:SystemClock_Config	88	static,ignoring_inline_asm
../Core/Src/main.c:184:5:main	120	static,ignoring_inline_asm
../Core/Src/main.c:807:1:__io_putchar	16	static
../Core/Src/main.c:816:6:HAL_GPIO_EXTI_Callback	8	static,ignoring_inline_asm
../Core/Src/main.c:843:6:Error_Handler	0	static,ignoring_inline_asm
