../Core/Src/main.c:97:6:HAL_TIM_OC_DelayElapsedCallback	8	static
../Core/Src/main.c:113:6:HAL_TIM_PeriodElapsedCallback	8	static
../Core/Src/main.c:192:6:SystemClock_Config	88	static,ignoring_inline_asm
../Core/Src/main.c:700:6:ledTick2	8	static
../Core/Src/main.c:712:6:ledTick1	8	static
../Core/Src/main.c:724:6:buttonDebounce	8	static
../Core/Src/main.c:132:5:main	120	static,ignoring_inline_asm
../Core/Src/main.c:736:6:HAL_GPIO_EXTI_Callback	8	static,ignoring_inline_asm
../Core/Src/main.c:763:6:Error_Handler	0	static,ignoring_inline_asm
