../Core/Src/stm32g4xx_hal_msp.c:65:6:HAL_MspInit	16	static
../Core/Src/stm32g4xx_hal_msp.c:94:6:HAL_ADC_MspInit	136	static
../Core/Src/stm32g4xx_hal_msp.c:149:6:HAL_ADC_MspDeInit	8	static
../Core/Src/stm32g4xx_hal_msp.c:185:6:HAL_FDCAN_MspInit	128	static
../Core/Src/stm32g4xx_hal_msp.c:277:6:HAL_FDCAN_MspDeInit	8	static
../Core/Src/stm32g4xx_hal_msp.c:333:6:HAL_TIM_PWM_MspInit	16	static
../Core/Src/stm32g4xx_hal_msp.c:359:6:HAL_TIM_Base_MspInit	16	static
../Core/Src/stm32g4xx_hal_msp.c:392:6:HAL_TIM_MspPostInit	48	static
../Core/Src/stm32g4xx_hal_msp.c:443:6:HAL_TIM_PWM_MspDeInit	0	static
../Core/Src/stm32g4xx_hal_msp.c:468:6:HAL_TIM_Base_MspDeInit	0	static
../Core/Src/stm32g4xx_hal_msp.c:507:6:HAL_UART_MspInit	120	static
../Core/Src/stm32g4xx_hal_msp.c:558:6:HAL_UART_MspDeInit	8	static
