../Core/Src/control.c:42:6:Read_ADC_Channels	72	static
../Core/Src/control.c:66:9:getVoltageIn	16	static
../Core/Src/control.c:67:9:getVoltageOut	4	static
../Core/Src/control.c:68:9:getCurrentIn	4	static
../Core/Src/control.c:69:9:getCurrentOut	4	static
../Core/Src/control.c:70:9:getInductorCurrent	4	static
../Core/Src/control.c:82:8:clamp	32	static
../Core/Src/control.c:89:14:updatePWM	64	static
../Core/Src/control.c:113:6:main_func	40	static
../Core/Src/control.c:144:6:PWMStart	8	static
../Core/Src/control.c:148:6:PWMStop	8	static
