../Core/Src/main.c:77:5:main	8	static
../Core/Src/main.c:146:6:SystemClock_Config	88	static
../Core/Src/main.c:204:13:MX_TIM1_Init	96	static
../Core/Src/main.c:274:13:MX_TIM3_Init	48	static
../Core/Src/main.c:323:13:MX_TIM4_Init	48	static
../Core/Src/main.c:372:13:MX_TIM6_Init	24	static
../Core/Src/main.c:410:13:MX_TIM7_Init	24	static
../Core/Src/main.c:448:13:MX_TIM12_Init	40	static
../Core/Src/main.c:490:13:MX_GPIO_Init	48	static
../Core/Src/main.c:525:6:Error_Handler	4	static,ignoring_inline_asm
