../Core/Src/main.c:80:5:main	8	static
../Core/Src/main.c:151:6:SystemClock_Config	88	static
../Core/Src/main.c:209:13:MX_TIM1_Init	96	static
../Core/Src/main.c:279:13:MX_TIM3_Init	48	static
../Core/Src/main.c:328:13:MX_TIM4_Init	48	static
../Core/Src/main.c:377:13:MX_TIM6_Init	24	static
../Core/Src/main.c:415:13:MX_TIM7_Init	24	static
../Core/Src/main.c:453:13:MX_TIM12_Init	40	static
../Core/Src/main.c:495:13:MX_USART3_UART_Init	8	static
../Core/Src/main.c:530:13:MX_GPIO_Init	56	static
../Core/Src/main.c:571:6:Error_Handler	4	static,ignoring_inline_asm
