../Core/Src/process.c:19:6:initProcess	4	static
../Core/Src/process.c:25:6:calcProcess	8	static
../Core/Src/process.c:58:6:sensProcess	4	static
../Core/Src/process.c:64:6:sendCAN_Process	4	static
../Core/Src/process.c:69:6:readCAN_Process	4	static
../Core/Src/process.c:74:6:prechargeProcess	4	static
../Core/Src/process.c:80:6:ledProcess	8	static
../Core/Src/process.c:99:5:errProcess	8	static
../Core/Src/process.c:127:6:debugProcess	16	static
../Core/Src/process.c:183:6:modeReset	4	static
../Core/Src/process.c:195:6:pwmStart	8	static
../Core/Src/process.c:205:6:pwmStop	8	static
../Core/Src/process.c:222:1:__io_putchar	16	static
