../Core/Src/process.c:19:6:initProcess	4	static
../Core/Src/process.c:25:6:calcProcess	8	static
../Core/Src/process.c:58:6:sensProcess	4	static
../Core/Src/process.c:64:6:commProcess	4	static
../Core/Src/process.c:70:6:ledProcess	8	static
../Core/Src/process.c:89:6:errProcess	8	static
../Core/Src/process.c:113:6:debugProcess	16	static
../Core/Src/process.c:168:6:modeReset	4	static
../Core/Src/process.c:180:6:pwmStart	8	static
../Core/Src/process.c:190:6:pwmStop	8	static
../Core/Src/process.c:211:1:__io_putchar	16	static
